[{"key":"common","prevValue":{"setting1":"Value 1","setting2":200,"setting3":true,"setting6":{"key":"value"}},"newValue":{"follow":false,"setting1":"Value 1","setting3":{"key":"value"},"setting4":"blah blah","setting5":{"key5":"value5"},"setting6":{"key":"value","ops":"vops"}},"status":"changed","children":[{"key":"setting1","prevValue":"Value 1","newValue":"Value 1","status":"unchanged","children":[]},{"key":"setting2","prevValue":200,"status":"deleted","children":[]},{"key":"setting3","prevValue":true,"newValue":{"key":"value"},"status":"changed","children":[]},{"key":"setting6","prevValue":{"key":"value"},"newValue":{"key":"value","ops":"vops"},"status":"changed","children":[{"key":"key","prevValue":"value","newValue":"value","status":"unchanged","children":[]},{"key":"ops","newValue":"vops","status":"added","children":[]}]},{"key":"follow","newValue":false,"status":"added","children":[]},{"key":"setting4","newValue":"blah blah","status":"added","children":[]},{"key":"setting5","newValue":{"key5":"value5"},"status":"added","children":[]}]},{"key":"group1","prevValue":{"baz":"bas","foo":"bar","nest":{"key":"value"}},"newValue":{"foo":"bar","baz":"bars","nest":"str"},"status":"changed","children":[{"key":"baz","prevValue":"bas","newValue":"bars","status":"changed","children":[]},{"key":"foo","prevValue":"bar","newValue":"bar","status":"unchanged","children":[]},{"key":"nest","prevValue":{"key":"value"},"newValue":"str","status":"changed","children":[]}]},{"key":"group2","prevValue":{"abc":12345},"status":"deleted","children":[]},{"key":"group3","newValue":{"fee":100500},"status":"added","children":[]}]
